// Jest Snapshot v1, https://goo.gl/fbAQLP

exports[`login no idea 1`] = `ShallowWrapper {}`;
